components/ai-elements/schema-display.tsx(180,34): error TS2322: Type 'string | number | bigint | boolean | ReactElement<unknown, string | JSXElementConstructor<any>> | Iterable<ReactNode> | Promise<...>' is not assignable to type 'string | TrustedHTML'.
  Type 'number' is not assignable to type 'string | TrustedHTML'.
components/ai-elements/terminal.tsx(136,21): error TS2741: Property 'children' is missing in type '{ className: string; }' but required in type 'TextShimmerProps'.
